stm32f1xx_it.c:62:6:NMI_Handler	4	static
stm32f1xx_it.c:71:6:HardFault_Handler	4	static
stm32f1xx_it.c:84:6:MemManage_Handler	4	static
stm32f1xx_it.c:97:6:BusFault_Handler	4	static
stm32f1xx_it.c:110:6:UsageFault_Handler	4	static
stm32f1xx_it.c:123:6:SVC_Handler	4	static
stm32f1xx_it.c:132:6:DebugMon_Handler	4	static
stm32f1xx_it.c:141:6:PendSV_Handler	4	static
stm32f1xx_it.c:150:6:SysTick_Handler	4	static
stm32f1xx_it.c:173:6:USART1_IRQHandler	8	static
stm32f1xx_it.c:179:6:USART2_IRQHandler	8	static
stm32f1xx_it.c:184:6:ADC1_2_IRQHandler	8	static
stm32f1xx_it.c:190:6:DMA1_Channel1_IRQHandler	8	static
stm32f1xx_it.c:196:6:TIM3_IRQHandler	8	static
