stm32f1xx_it.c:61:6:NMI_Handler	4	static
stm32f1xx_it.c:70:6:HardFault_Handler	4	static
stm32f1xx_it.c:83:6:MemManage_Handler	4	static
stm32f1xx_it.c:96:6:BusFault_Handler	4	static
stm32f1xx_it.c:109:6:UsageFault_Handler	4	static
stm32f1xx_it.c:122:6:SVC_Handler	4	static
stm32f1xx_it.c:131:6:DebugMon_Handler	4	static
stm32f1xx_it.c:140:6:PendSV_Handler	4	static
stm32f1xx_it.c:149:6:SysTick_Handler	4	static
stm32f1xx_it.c:172:6:USART1_IRQHandler	8	static
stm32f1xx_it.c:178:6:USART2_IRQHandler	8	static
stm32f1xx_it.c:183:6:ADC1_2_IRQHandler	8	static
stm32f1xx_it.c:189:6:DMA1_Channel1_IRQHandler	8	static
